[vdso] sp=ffffe155d870, argc=1
[vdso] Searching auxv at ffffe155d958
[vdso] Found and zeroed AT_SYSINFO_EHDR (33) value at ffffe155d960, original value=ffffb3d77000
[driver] Process 17055 is running
[driver] Process Ok(SchedYield) resumed (runnable=0, sleeping=0, waiting=0)
[driver] Process 17055 is running
[driver] Process Ok(SchedYield) resumed (runnable=0, sleeping=0, waiting=0)
[driver] Process 17055 is running
[driver] Process Ok(SchedYield) resumed (runnable=0, sleeping=0, waiting=0)
[driver] Process 17055 is running
[driver] Process Ok(SchedYield) resumed (runnable=0, sleeping=0, waiting=0)
[driver] Process 17055 is running
[driver] Process Ok(SchedYield) resumed (runnable=0, sleeping=0, waiting=0)
[driver] Process 17055 is running
[driver] Process Ok(SchedYield) resumed (runnable=0, sleeping=0, waiting=0)
[driver] Process 17055 is running
[driver] Process Ok(SchedYield) resumed (runnable=0, sleeping=0, waiting=0)
[driver] Process 17055 is running
[driver] Process Ok(SchedYield) resumed (runnable=0, sleeping=0, waiting=0)
[driver] Process 17055 is running
[driver] Process Ok(SchedYield) resumed (runnable=0, sleeping=0, waiting=0)
[driver] Process 17055 is running
[driver] Process Ok(SchedYield) resumed (runnable=0, sleeping=0, waiting=0)
[driver] Process 17055 is running
[driver] Process Ok(SchedYield) resumed (runnable=0, sleeping=0, waiting=0)
[driver] Process 17055 is running
[driver] Process Ok(SchedYield) resumed (runnable=0, sleeping=0, waiting=0)
[driver] Process 17055 is running
[driver] Process Ok(SchedYield) resumed (runnable=0, sleeping=0, waiting=0)
[driver] Process 17055 is running
[driver] Process Ok(SchedYield) resumed (runnable=0, sleeping=0, waiting=0)
[driver] Process 17055 is running
[driver] Process Ok(SchedYield) resumed (runnable=0, sleeping=0, waiting=0)
[driver] Process 17055 is running
[driver] Process Ok(SchedYield) resumed (runnable=0, sleeping=0, waiting=0)
[driver] Process 17055 is running
[driver] Process Ok(SchedYield) resumed (runnable=0, sleeping=0, waiting=0)
[driver] Process 17055 is running
[driver] Process Ok(SchedYield) resumed (runnable=0, sleeping=0, waiting=0)
[driver] Process 17055 is running
[driver] Process Ok(SchedYield) resumed (runnable=0, sleeping=0, waiting=0)
[driver] Process 17055 is running
[driver] Process Ok(SchedYield) resumed (runnable=0, sleeping=0, waiting=0)
[driver] Process 17055 is running
[driver] Process Ok(SchedYield) resumed (runnable=0, sleeping=0, waiting=0)
[driver] Process 17055 is running
[driver] Process Ok(SchedYield) resumed (runnable=0, sleeping=0, waiting=0)
[driver] Process 17055 is running
[driver] Process Ok(SchedYield) resumed (runnable=0, sleeping=0, waiting=0)
[driver] Process 17055 is running
[driver] Process Ok(SchedYield) resumed (runnable=0, sleeping=0, waiting=0)
[driver] Process 17055 is running
[driver] Process Ok(SchedYield) resumed (runnable=0, sleeping=0, waiting=0)
[driver] Process 17055 is running
[driver] Process Ok(SchedYield) resumed (runnable=0, sleeping=0, waiting=0)
[driver] Process 17055 is running
[driver] Process Ok(SchedYield) resumed (runnable=0, sleeping=0, waiting=0)
[driver] Process 17055 is running
[driver] Process Ok(SchedYield) resumed (runnable=0, sleeping=0, waiting=0)
[driver] Process 17055 is running
[driver] Process Ok(SchedYield) resumed (runnable=0, sleeping=0, waiting=0)
[driver] Process 17055 is running
[driver] Process Ok(SchedYield) resumed (runnable=0, sleeping=0, waiting=0)
[driver] Process 17055 is running
[driver] Process Ok(SchedYield) resumed (runnable=0, sleeping=0, waiting=0)
[driver] Process 17055 is running
[driver] Process Ok(SchedYield) resumed (runnable=0, sleeping=0, waiting=0)
[driver] Process 17055 is running
[driver] Process Ok(SchedYield) resumed (runnable=0, sleeping=0, waiting=0)
[driver] Process 17055 is running
[driver] Process Ok(SchedYield) resumed (runnable=0, sleeping=0, waiting=0)
[driver] Process 17055 is running
[driver] Process Ok(SchedYield) resumed (runnable=0, sleeping=0, waiting=0)
[driver] Process 17055 is running
[driver] Process Ok(SchedYield) resumed (runnable=0, sleeping=0, waiting=0)
[driver] Process 17055 is running
[driver] Process Ok(SchedYield) resumed (runnable=0, sleeping=0, waiting=0)
[driver] Process 17055 is running
[driver] Process Ok(SchedYield) resumed (runnable=0, sleeping=0, waiting=0)
[driver] Process 17055 is running
[driver] Process Ok(SchedYield) resumed (runnable=0, sleeping=0, waiting=0)
[driver] Process 17055 is running
[driver] Process Ok(SchedYield) resumed (runnable=0, sleeping=0, waiting=0)
[driver] Process 17055 is running
[driver] Process Ok(SchedYield) resumed (runnable=0, sleeping=0, waiting=0)
[driver] Process 17055 is running
[driver] Process Ok(SchedYield) resumed (runnable=0, sleeping=0, waiting=0)
[driver] Process 17055 is running
[driver] Process Ok(SchedYield) resumed (runnable=0, sleeping=0, waiting=0)
[driver] Process 17055 is running
[driver] Process Ok(SchedYield) resumed (runnable=0, sleeping=0, waiting=0)
[driver] Process 17055 is running
[driver] Process Ok(SchedYield) resumed (runnable=0, sleeping=0, waiting=0)
[driver] Process 17055 is running
[driver] Process Ok(SchedYield) resumed (runnable=0, sleeping=0, waiting=0)
[driver] Process 17055 is running
[driver] Process Ok(SchedYield) resumed (runnable=0, sleeping=0, waiting=0)
[driver] Process 17055 is running
[driver] Process Ok(SchedYield) resumed (runnable=0, sleeping=0, waiting=0)
[driver] Process 17055 is running
[driver] Process Ok(SchedYield) resumed (runnable=0, sleeping=0, waiting=0)
[driver] Process 17055 is running
[driver] Process Ok(SchedYield) resumed (runnable=0, sleeping=0, waiting=0)
[driver] Process 17055 is running
[driver] Process Ok(SchedYield) resumed (runnable=0, sleeping=0, waiting=0)
[driver] Process 17055 is running
[driver] Process Ok(SchedYield) resumed (runnable=0, sleeping=0, waiting=0)
[driver] Process 17055 is running
[driver] Process Ok(SchedYield) resumed (runnable=0, sleeping=0, waiting=0)
[driver] Process 17055 is running
[driver] Process Ok(SchedYield) resumed (runnable=0, sleeping=0, waiting=0)
[driver] Process 17055 is running
[driver] Process Ok(SchedYield) resumed (runnable=0, sleeping=0, waiting=0)
[driver] Process 17055 is running
[driver] Process Ok(SchedYield) resumed (runnable=0, sleeping=0, waiting=0)
[driver] Process 17055 is running
[driver] Process Ok(SchedYield) resumed (runnable=0, sleeping=0, waiting=0)
[driver] Process 17055 is running
[driver] Process Ok(SchedYield) resumed (runnable=0, sleeping=0, waiting=0)
[driver] Process 17055 is running
[driver] Process Ok(SchedYield) resumed (runnable=0, sleeping=0, waiting=0)
[driver] Process 17055 is running
[driver] Process Ok(SchedYield) resumed (runnable=0, sleeping=0, waiting=0)
[driver] Process 17055 is running
[driver] Process Ok(SchedYield) resumed (runnable=0, sleeping=0, waiting=0)
[driver] Process 17055 is running
[driver] Process Ok(SchedYield) resumed (runnable=0, sleeping=0, waiting=0)
[driver] Process 17055 is running
[driver] Process Ok(SchedYield) resumed (runnable=0, sleeping=0, waiting=0)
[driver] Process 17055 is running
[driver] Process Ok(SchedYield) resumed (runnable=0, sleeping=0, waiting=0)
[driver] Process 17055 is running
[driver] Process Ok(SchedYield) resumed (runnable=0, sleeping=0, waiting=0)
[driver] Process 17055 is running
[driver] Process Ok(SchedYield) resumed (runnable=0, sleeping=0, waiting=0)
[driver] Process 17055 is running
[driver] Process Ok(SchedYield) resumed (runnable=0, sleeping=0, waiting=0)
[driver] Process 17055 is running
[driver] Process Ok(SchedYield) resumed (runnable=0, sleeping=0, waiting=0)
[driver] Process 17055 is running
[driver] Process Ok(SchedYield) resumed (runnable=0, sleeping=0, waiting=0)
[driver] Process 17055 is running
[driver] Process Ok(SchedYield) resumed (runnable=0, sleeping=0, waiting=0)
[driver] Process 17055 is running
[driver] Process Ok(SchedYield) resumed (runnable=0, sleeping=0, waiting=0)
[driver] Process 17055 is running
[driver] Process Ok(SchedYield) resumed (runnable=0, sleeping=0, waiting=0)
[driver] Process 17055 is running
[driver] Process Ok(SchedYield) resumed (runnable=0, sleeping=0, waiting=0)
[driver] Process 17055 is running
[driver] Process Ok(SchedYield) resumed (runnable=0, sleeping=0, waiting=0)
[driver] Process 17055 is running
[driver] Process Ok(SchedYield) resumed (runnable=0, sleeping=0, waiting=0)
[driver] Process 17055 is running
[driver] Process Ok(SchedYield) resumed (runnable=0, sleeping=0, waiting=0)
[driver] Process 17055 is running
[driver] Process Ok(SchedYield) resumed (runnable=0, sleeping=0, waiting=0)
[driver] Process 17055 is running
[driver] Process Ok(SchedYield) resumed (runnable=0, sleeping=0, waiting=0)
[driver] Process 17055 is running
[driver] Process Ok(SchedYield) resumed (runnable=0, sleeping=0, waiting=0)
[driver] Process 17055 is running
[driver] Process Ok(SchedYield) resumed (runnable=0, sleeping=0, waiting=0)
[driver] Process 17055 is running
[driver] Process Ok(SchedYield) resumed (runnable=0, sleeping=0, waiting=0)
[driver] Process 17055 is running
[driver] Process Ok(SchedYield) resumed (runnable=0, sleeping=0, waiting=0)
[driver] Process 17055 is running
[driver] Process Ok(SchedYield) resumed (runnable=0, sleeping=0, waiting=0)
[driver] Process 17055 is running
[driver] Process Ok(SchedYield) resumed (runnable=0, sleeping=0, waiting=0)
[driver] Process 17055 is running
[driver] Process Ok(SchedYield) resumed (runnable=0, sleeping=0, waiting=0)
[driver] Process 17055 is running
[driver] Process Ok(SchedYield) resumed (runnable=0, sleeping=0, waiting=0)
[driver] Process 17055 is running
[driver] Process Ok(SchedYield) resumed (runnable=0, sleeping=0, waiting=0)
[driver] Process 17055 is running
[driver] Process Ok(SchedYield) resumed (runnable=0, sleeping=0, waiting=0)
[driver] Process 17055 is running
[driver] Process Ok(SchedYield) resumed (runnable=0, sleeping=0, waiting=0)
[driver] Process 17055 is running
[driver] Process Ok(SchedYield) resumed (runnable=0, sleeping=0, waiting=0)
[driver] Process 17055 is running
[driver] Process Ok(SchedYield) resumed (runnable=0, sleeping=0, waiting=0)
[driver] Process 17055 is running
[driver] Process Ok(SchedYield) resumed (runnable=0, sleeping=0, waiting=0)
[driver] Process 17055 is running
[driver] Process Ok(SchedYield) resumed (runnable=0, sleeping=0, waiting=0)
[driver] Process 17055 is running
[driver] Process Ok(SchedYield) resumed (runnable=0, sleeping=0, waiting=0)
[driver] Process 17055 is running
[driver] Process Ok(SchedYield) resumed (runnable=0, sleeping=0, waiting=0)
[driver] Process 17055 is running
[driver] Process Ok(SchedYield) resumed (runnable=0, sleeping=0, waiting=0)
[driver] Process 17055 is running
[driver] Process Ok(SchedYield) resumed (runnable=0, sleeping=0, waiting=0)
[driver] Process 17055 is running
[driver] Process Ok(SchedYield) resumed (runnable=0, sleeping=0, waiting=0)
[driver] Process 17055 is running
[driver] Process Ok(SchedYield) resumed (runnable=0, sleeping=0, waiting=0)
[driver] Process 17055 is running
[driver] Process Ok(SchedYield) resumed (runnable=0, sleeping=0, waiting=0)
[driver] Process 17055 is running
[driver] Process Ok(SchedYield) resumed (runnable=0, sleeping=0, waiting=0)
[driver] Process 17055 is running
[driver] Process Ok(SchedYield) resumed (runnable=0, sleeping=0, waiting=0)
[driver] Process 17055 is running
[driver] Process Ok(SchedYield) resumed (runnable=0, sleeping=0, waiting=0)
[driver] Process 17055 is running
[driver] Process Ok(SchedYield) resumed (runnable=0, sleeping=0, waiting=0)
[driver] Process 17055 is running
[driver] Process Ok(SchedYield) resumed (runnable=0, sleeping=0, waiting=0)
[driver] Process 17055 is running
[driver] Process Ok(SchedYield) resumed (runnable=0, sleeping=0, waiting=0)
[driver] Process 17055 is running
[driver] Process Ok(SchedYield) resumed (runnable=0, sleeping=0, waiting=0)
[driver] Process 17055 is running
[driver] Process Ok(SchedYield) resumed (runnable=0, sleeping=0, waiting=0)
[driver] Process 17055 is running
[driver] Process Ok(SchedYield) resumed (runnable=0, sleeping=0, waiting=0)
[driver] Process 17055 is running
[driver] Process Ok(SchedYield) resumed (runnable=0, sleeping=0, waiting=0)
[driver] Process 17055 is running
[driver] Process Ok(SchedYield) resumed (runnable=0, sleeping=0, waiting=0)
[driver] Process 17055 is running
[driver] Process Ok(SchedYield) resumed (runnable=0, sleeping=0, waiting=0)
[driver] Process 17055 is running
[driver] Process Ok(SchedYield) resumed (runnable=0, sleeping=0, waiting=0)
[driver] Process 17055 is running
[driver] Process Ok(SchedYield) resumed (runnable=0, sleeping=0, waiting=0)
[driver] Process 17055 is running
[driver] Process Ok(SchedYield) resumed (runnable=0, sleeping=0, waiting=0)
[driver] Process 17055 is running
[driver] Process Ok(SchedYield) resumed (runnable=0, sleeping=0, waiting=0)
[driver] Process 17055 is running
[driver] Process Ok(SchedYield) resumed (runnable=0, sleeping=0, waiting=0)
[driver] Process 17055 is running
[driver] Process Ok(SchedYield) resumed (runnable=0, sleeping=0, waiting=0)
[driver] Process 17055 is running
[driver] Process Ok(SchedYield) resumed (runnable=0, sleeping=0, waiting=0)
[driver] Process 17055 is running
[driver] Process Ok(SchedYield) resumed (runnable=0, sleeping=0, waiting=0)
[driver] Process 17055 is running
[driver] Process Ok(SchedYield) resumed (runnable=0, sleeping=0, waiting=0)
[driver] Process 17055 is running
[driver] Process Ok(SchedYield) resumed (runnable=0, sleeping=0, waiting=0)
[driver] Process 17055 is running
[driver] Process Ok(SchedYield) resumed (runnable=0, sleeping=0, waiting=0)
[driver] Process 17055 is running
[driver] Process Ok(SchedYield) resumed (runnable=0, sleeping=0, waiting=0)
[driver] Process 17055 is running
[driver] Process Ok(SchedYield) resumed (runnable=0, sleeping=0, waiting=0)
[driver] Process 17055 is running
[driver] Process Ok(SchedYield) resumed (runnable=0, sleeping=0, waiting=0)
[driver] Process 17055 is running
[driver] Process Ok(SchedYield) resumed (runnable=0, sleeping=0, waiting=0)
[driver] Process 17055 is running
[driver] Process Ok(SchedYield) resumed (runnable=0, sleeping=0, waiting=0)
[driver] Process 17055 is running
[driver] Process Ok(SchedYield) resumed (runnable=0, sleeping=0, waiting=0)
[driver] Process 17055 is running
[driver] Process Ok(SchedYield) resumed (runnable=0, sleeping=0, waiting=0)
[driver] Process 17055 is running
[driver] Process Ok(SchedYield) resumed (runnable=0, sleeping=0, waiting=0)
[driver] Process 17055 is running
[driver] Process Ok(SchedYield) resumed (runnable=0, sleeping=0, waiting=0)
[driver] Process 17055 is running
[driver] Process Ok(SchedYield) resumed (runnable=0, sleeping=0, waiting=0)
[driver] Process 17055 is running
[driver] Process Ok(SchedYield) resumed (runnable=0, sleeping=0, waiting=0)
[driver] Process 17055 is running
[driver] Process Ok(SchedYield) resumed (runnable=0, sleeping=0, waiting=0)
[driver] Process 17055 is running
[driver] Process Ok(SchedYield) resumed (runnable=0, sleeping=0, waiting=0)
[driver] Process 17055 is running
[driver] Process Ok(SchedYield) resumed (runnable=0, sleeping=0, waiting=0)
[driver] Process 17055 is running
[driver] Process Ok(SchedYield) resumed (runnable=0, sleeping=0, waiting=0)
[driver] Process 17055 is running
[driver] Process Ok(SchedYield) resumed (runnable=0, sleeping=0, waiting=0)
[driver] Process 17055 is running
[driver] Process Ok(SchedYield) resumed (runnable=0, sleeping=0, waiting=0)
[driver] Process 17055 is running
[driver] Process Ok(SchedYield) resumed (runnable=0, sleeping=0, waiting=0)
[driver] Process 17055 is running
[driver] Process Ok(SchedYield) resumed (runnable=0, sleeping=0, waiting=0)
[driver] Process 17055 is running
[driver] Process Ok(SchedYield) resumed (runnable=0, sleeping=0, waiting=0)
[driver] Process 17055 is running
[driver] Process Ok(SchedYield) resumed (runnable=0, sleeping=0, waiting=0)
[driver] Process 17055 is running
[driver] Process Ok(SchedYield) resumed (runnable=0, sleeping=0, waiting=0)
[driver] Process 17055 is running
[driver] Process Ok(SchedYield) resumed (runnable=0, sleeping=0, waiting=0)
[driver] Process 17055 is running
[driver] Process Ok(SchedYield) resumed (runnable=0, sleeping=0, waiting=0)
[driver] Process 17055 is running
[driver] Process Ok(SchedYield) resumed (runnable=0, sleeping=0, waiting=0)
[driver] Process 17055 is running
[driver] Process Ok(SchedYield) resumed (runnable=0, sleeping=0, waiting=0)
[driver] Process 17055 is running
[driver] Process Ok(SchedYield) resumed (runnable=0, sleeping=0, waiting=0)
[driver] Process 17055 is running
[driver] Process Ok(SchedYield) resumed (runnable=0, sleeping=0, waiting=0)
[driver] Process 17055 is running
[driver] Process Ok(SchedYield) resumed (runnable=0, sleeping=0, waiting=0)
[driver] Process 17055 is running
[driver] Process Ok(SchedYield) resumed (runnable=0, sleeping=0, waiting=0)
[driver] Process 17055 is running
[driver] Process Ok(SchedYield) resumed (runnable=0, sleeping=0, waiting=0)
[driver] Process 17055 is running
[driver] Process Ok(SchedYield) resumed (runnable=0, sleeping=0, waiting=0)
[driver] Process 17055 is running
[driver] Process Ok(SchedYield) resumed (runnable=0, sleeping=0, waiting=0)
[driver] Process 17055 is running
[driver] Process Ok(SchedYield) resumed (runnable=0, sleeping=0, waiting=0)
[driver] Process 17055 is running
[driver] Process Ok(SchedYield) resumed (runnable=0, sleeping=0, waiting=0)
[driver] Process 17055 is running
[driver] Process Ok(SchedYield) resumed (runnable=0, sleeping=0, waiting=0)
[driver] Process 17055 is running
[driver] Process Ok(SchedYield) resumed (runnable=0, sleeping=0, waiting=0)
[driver] Process 17055 is running
[driver] Process Ok(SchedYield) resumed (runnable=0, sleeping=0, waiting=0)
[driver] Process 17055 is running
[driver] Process Ok(SchedYield) resumed (runnable=0, sleeping=0, waiting=0)
[driver] Process 17055 is running
[driver] Process Ok(SchedYield) resumed (runnable=0, sleeping=0, waiting=0)
[driver] Process 17055 is running
[driver] Process Ok(SchedYield) resumed (runnable=0, sleeping=0, waiting=0)
[driver] Process 17055 is running
[driver] Process Ok(SchedYield) resumed (runnable=0, sleeping=0, waiting=0)
[driver] Process 17055 is running
[driver] Process Ok(SchedYield) resumed (runnable=0, sleeping=0, waiting=0)
[driver] Process 17055 is running
[driver] Process Ok(SchedYield) resumed (runnable=0, sleeping=0, waiting=0)
[driver] Process 17055 is running
[driver] Process Ok(SchedYield) resumed (runnable=0, sleeping=0, waiting=0)
[driver] Process 17055 is running
[driver] Process Ok(SchedYield) resumed (runnable=0, sleeping=0, waiting=0)
[driver] Process 17055 is running
[driver] Process Ok(SchedYield) resumed (runnable=0, sleeping=0, waiting=0)
[driver] Process 17055 is running
[driver] Process Ok(SchedYield) resumed (runnable=0, sleeping=0, waiting=0)
[driver] Process 17055 is running
[driver] Process Ok(SchedYield) resumed (runnable=0, sleeping=0, waiting=0)
[driver] Process 17055 is running
[driver] Process Ok(SchedYield) resumed (runnable=0, sleeping=0, waiting=0)
[driver] Process 17055 is running
[driver] Process Ok(SchedYield) resumed (runnable=0, sleeping=0, waiting=0)
[driver] Process 17055 is running
[driver] Process Ok(SchedYield) resumed (runnable=0, sleeping=0, waiting=0)
[driver] Process 17055 is running
[driver] Process Ok(SchedYield) resumed (runnable=0, sleeping=0, waiting=0)
[driver] Process 17055 is running
[driver] Process Ok(SchedYield) resumed (runnable=0, sleeping=0, waiting=0)
[driver] Process 17055 is running
[driver] Process Ok(SchedYield) resumed (runnable=0, sleeping=0, waiting=0)
[driver] Process 17055 is running
[driver] Process Ok(SchedYield) resumed (runnable=0, sleeping=0, waiting=0)
[driver] Process 17055 is running
[driver] Process Ok(SchedYield) resumed (runnable=0, sleeping=0, waiting=0)
[driver] Process 17055 is running
[driver] Process Ok(SchedYield) resumed (runnable=0, sleeping=0, waiting=0)
[driver] Process 17055 is running
[driver] Process Ok(SchedYield) resumed (runnable=0, sleeping=0, waiting=0)
[driver] Process 17055 is running
[driver] Process Ok(SchedYield) resumed (runnable=0, sleeping=0, waiting=0)
[driver] Process 17055 is running
[driver] Process Ok(SchedYield) resumed (runnable=0, sleeping=0, waiting=0)
[driver] Process 17055 is running
[driver] Process Ok(SchedYield) resumed (runnable=0, sleeping=0, waiting=0)
[driver] Process 17055 is running
[driver] Process Ok(SchedYield) resumed (runnable=0, sleeping=0, waiting=0)
[driver] Process 17055 is running
[driver] Process Ok(SchedYield) resumed (runnable=0, sleeping=0, waiting=0)
[driver] Process 17055 is running
[driver] Process Ok(SchedYield) resumed (runnable=0, sleeping=0, waiting=0)
[driver] Process 17055 is running
[driver] Process Ok(SchedYield) resumed (runnable=0, sleeping=0, waiting=0)
[driver] Process 17055 is running
[driver] Process Ok(SchedYield) resumed (runnable=0, sleeping=0, waiting=0)
[driver] Process 17055 is running
[driver] Process Ok(SchedYield) resumed (runnable=0, sleeping=0, waiting=0)
[driver] Process 17055 is running
[driver] Process Ok(SchedYield) resumed (runnable=0, sleeping=0, waiting=0)
[driver] Process 17055 is running
[driver] Process Ok(SchedYield) resumed (runnable=0, sleeping=0, waiting=0)
[driver] Process 17055 is running
[driver] Process Ok(SchedYield) resumed (runnable=0, sleeping=0, waiting=0)
[driver] Process 17055 is running
[driver] Process Ok(SchedYield) resumed (runnable=0, sleeping=0, waiting=0)
[driver] Process 17055 is running
[driver] Process Ok(SchedYield) resumed (runnable=0, sleeping=0, waiting=0)
[driver] Process 17055 is running
[driver] Process Ok(SchedYield) resumed (runnable=0, sleeping=0, waiting=0)
[driver] Process 17055 is running
[driver] Process Ok(SchedYield) resumed (runnable=0, sleeping=0, waiting=0)
[driver] Process 17055 is running
[driver] Process Ok(SchedYield) resumed (runnable=0, sleeping=0, waiting=0)
[driver] Process 17055 is running
[driver] Process Ok(SchedYield) resumed (runnable=0, sleeping=0, waiting=0)
[driver] Process 17055 is running
[driver] Process Ok(SchedYield) resumed (runnable=0, sleeping=0, waiting=0)
[driver] Process 17055 is running
[driver] Process Ok(SchedYield) resumed (runnable=0, sleeping=0, waiting=0)
[driver] Process 17055 is running
[driver] Process Ok(SchedYield) resumed (runnable=0, sleeping=0, waiting=0)
[driver] Process 17055 is running
[driver] Process Ok(SchedYield) resumed (runnable=0, sleeping=0, waiting=0)
[driver] Process 17055 is running
[driver] Process Ok(SchedYield) resumed (runnable=0, sleeping=0, waiting=0)
[driver] Process 17055 is running
[driver] Process Ok(SchedYield) resumed (runnable=0, sleeping=0, waiting=0)
[driver] Process 17055 is running
[driver] Process Ok(SchedYield) resumed (runnable=0, sleeping=0, waiting=0)
[driver] Process 17055 is running
[driver] Process Ok(SchedYield) resumed (runnable=0, sleeping=0, waiting=0)
[driver] Process 17055 is running
[driver] Process Ok(SchedYield) resumed (runnable=0, sleeping=0, waiting=0)
[driver] Process 17055 is running
[driver] Process Ok(SchedYield) resumed (runnable=0, sleeping=0, waiting=0)
[driver] Process 17055 is running
[driver] Process Ok(SchedYield) resumed (runnable=0, sleeping=0, waiting=0)
[driver] Process 17055 is running
[driver] Process Ok(SchedYield) resumed (runnable=0, sleeping=0, waiting=0)
[driver] Process 17055 is running
[driver] Process Ok(SchedYield) resumed (runnable=0, sleeping=0, waiting=0)
[driver] Process 17055 is running
[driver] Process Ok(SchedYield) resumed (runnable=0, sleeping=0, waiting=0)
[driver] Process 17055 is running
[driver] Process Ok(SchedYield) resumed (runnable=0, sleeping=0, waiting=0)
[driver] Process 17055 is running
[driver] Process Ok(SchedYield) resumed (runnable=0, sleeping=0, waiting=0)
[driver] Process 17055 is running
[driver] Process Ok(SchedYield) resumed (runnable=0, sleeping=0, waiting=0)
[driver] Process 17055 is running
[driver] Process Ok(SchedYield) resumed (runnable=0, sleeping=0, waiting=0)
[driver] Process 17055 is running
[driver] Process Ok(SchedYield) resumed (runnable=0, sleeping=0, waiting=0)
[driver] Process 17055 is running
[driver] Process Ok(SchedYield) resumed (runnable=0, sleeping=0, waiting=0)
[driver] Process 17055 is running
[driver] Process Ok(SchedYield) resumed (runnable=0, sleeping=0, waiting=0)
[driver] Process 17055 is running
[driver] Process Ok(SchedYield) resumed (runnable=0, sleeping=0, waiting=0)
[driver] Process 17055 is running
[driver] Process Ok(SchedYield) resumed (runnable=0, sleeping=0, waiting=0)
[driver] Process 17055 is running
[driver] Process Ok(SchedYield) resumed (runnable=0, sleeping=0, waiting=0)
[driver] Process 17055 is running
[driver] Process Ok(SchedYield) resumed (runnable=0, sleeping=0, waiting=0)
[driver] Process 17055 is running
[driver] Process Ok(SchedYield) resumed (runnable=0, sleeping=0, waiting=0)
[driver] Process 17055 is running
[driver] Process Ok(SchedYield) resumed (runnable=0, sleeping=0, waiting=0)
[driver] Process 17055 is running
[driver] Process Ok(SchedYield) resumed (runnable=0, sleeping=0, waiting=0)
[driver] Process 17055 is running
[driver] Process Ok(SchedYield) resumed (runnable=0, sleeping=0, waiting=0)
[driver] Process 17055 is running
[driver] Process Ok(SchedYield) resumed (runnable=0, sleeping=0, waiting=0)
[driver] Process 17055 is running
[driver] Process Ok(SchedYield) resumed (runnable=0, sleeping=0, waiting=0)
[driver] Process 17055 is running
[driver] Process Ok(SchedYield) resumed (runnable=0, sleeping=0, waiting=0)
[driver] Process 17055 is running
[driver] Process Ok(SchedYield) resumed (runnable=0, sleeping=0, waiting=0)
[driver] Process 17055 is running
[driver] Process Ok(SchedYield) resumed (runnable=0, sleeping=0, waiting=0)
[driver] Process 17055 is running
[driver] Process Ok(SchedYield) resumed (runnable=0, sleeping=0, waiting=0)
[driver] Process 17055 is running
[driver] Process Ok(SchedYield) resumed (runnable=0, sleeping=0, waiting=0)
[driver] Process 17055 is running
[driver] Process Ok(SchedYield) resumed (runnable=0, sleeping=0, waiting=0)
[driver] Process 17055 is running
[driver] Process Ok(SchedYield) resumed (runnable=0, sleeping=0, waiting=0)
[driver] Process 17055 is running
[driver] Process Ok(SchedYield) resumed (runnable=0, sleeping=0, waiting=0)
[driver] Process 17055 is running
[driver] Process Ok(SchedYield) resumed (runnable=0, sleeping=0, waiting=0)
[driver] Process 17055 is running
[driver] Process Ok(SchedYield) resumed (runnable=0, sleeping=0, waiting=0)
[driver] Process 17055 is running
[driver] Process Ok(SchedYield) resumed (runnable=0, sleeping=0, waiting=0)
[driver] Process 17055 is running
[driver] Process Ok(SchedYield) resumed (runnable=0, sleeping=0, waiting=0)
[driver] Process 17055 is running
[driver] Process Ok(SchedYield) resumed (runnable=0, sleeping=0, waiting=0)
[driver] Process 17055 is running
[driver] Process Ok(SchedYield) resumed (runnable=0, sleeping=0, waiting=0)
[driver] Process 17055 is running
[container] Bytes: \x43\x68\x69\x6c\x64\x3a\x20\x53\x65\x65\x64\x20\x69\x73\x20\x35\x30\x36\x30\x39\x37\x35\x32\x32\x39\x31\x34\x32\x33\x30\x35\x32\x38\x0a[driver] Process Ok(SchedYield) resumed (runnable=0, sleeping=0, waiting=0)
Child: Seed is 506097522914230528
[driver] Process 17055 is running
[driver] Process Ok(SchedYield) resumed (runnable=0, sleeping=0, waiting=0)
[driver] Process 17055 is running
[container] Bytes: \x43\x68\x69\x6c\x64\x3a\x20\x72\x31\x20\x3d\x20\x31\x35\x39\x31\x30\x30\x37\x32\x34\x35\x38\x33\x31\x33\x31\x38\x37\x38\x35\x0a[driver] Process Ok(SchedYield) resumed (runnable=0, sleeping=0, waiting=0)
[driver] Process 17055 is running
[driver] Process Ok(SchedYield) resumed (runnable=0, sleeping=0, waiting=0)
[driver] Process 17055 is running
Child: r1 = 1591007245831318785
[driver] Process Ok(SchedYield) resumed (runnable=0, sleeping=0, waiting=0)
[driver] Process 17055 is running
[driver] Process Ok(SchedYield) resumed (runnable=0, sleeping=0, waiting=0)
[driver] Process 17055 is running
[container] Bytes: \x43\x68\x69\x6c\x64\x3a\x20\x72\x32\x20\x3d\x20\x31\x36\x30\x37\x30\x39\x35\x36\x35\x35\x37\x38\x34\x30\x38\x31\x34\x35\x34\x0a[driver] Process Ok(SchedYield) resumed (runnable=0, sleeping=0, waiting=0)
[driver] Process 17055 is running
Child: r2 = 1607095655784081454
[driver] Process Ok(SchedYield) resumed (runnable=0, sleeping=0, waiting=0)
[driver] Process 17055 is running
[driver] Process Ok(SchedYield) resumed (runnable=0, sleeping=0, waiting=0)
[driver] Process 17055 is running
[container] Bytes: \x43\x68\x69\x6c\x64\x3a\x20\x72\x33\x20\x3d\x20\x32\x38\x38\x31\x39\x35\x36\x37\x30\x35\x31\x34\x34\x39\x33\x39\x30\x33\x31\x0a[driver] Process Ok(SchedYield) resumed (runnable=0, sleeping=0, waiting=0)
[driver] Process 17055 is running
[driver] Process Ok(SchedYield) resumed (runnable=0, sleeping=0, waiting=0)
[driver] Process 17055 is running
[driver] Process Ok(SchedYield) resumed (runnable=0, sleeping=0, waiting=0)
Child: r3 = 2881956705144939031
[driver] Process 17055 is running
[driver] Process Ok(SchedYield) resumed (runnable=0, sleeping=0, waiting=0)
[driver] Process 17055 is running
[driver] Process Ok(SchedYield) resumed (runnable=0, sleeping=0, waiting=0)
[driver] Process 17055 is running
[driver] Process Ok(SchedYield) resumed (runnable=0, sleeping=0, waiting=0)
[driver] Process 17055 is running
[driver] Process Ok(SchedYield) resumed (runnable=0, sleeping=0, waiting=0)
[driver] Process 17055 is running
[driver] Process Ok(SchedYield) resumed (runnable=0, sleeping=0, waiting=0)
[driver] Process 17055 is running
[driver] Process Ok(SchedYield) resumed (runnable=0, sleeping=0, waiting=0)
[driver] Process 17055 is running
[driver] Process Ok(SchedYield) resumed (runnable=0, sleeping=0, waiting=0)
[driver] Process 17055 is running
[container] Bytes: \x0a\x74\x68\x72\x65\x61\x64\x20\x27\x6d\x61\x69\x6e\x27\x20\x28\x31\x37\x30\x35\x35\x29\x20\x70\x61\x6e\x69\x63\x6b\x65\x64\x20\x61\x74\x20\x73\x72\x63\x2f\x62\x69\x6e\x2f\x72\x61\x6e\x64\x6f\x6d\x5f\x74\x65\x73\x74\x2e\x72\x73\x3a\x33\x39\x3a\x35\x3a\x0a\x61\x73\x73\x65\x72\x74\x69\x6f\x6e\x20\x60\x6c\x65\x66\x74\x20\x3d\x3d\x20\x72\x69\x67\x68\x74\x60\x20\x66\x61\x69\x6c\x65\x64\x0a\x20\x20\x6c\x65\x66\x74\x3a\x20\x31\x35\x39\x31\x30\x30\x37\x32\x34\x35\x38\x33\x31\x33\x31\x38\x37\x38\x35\x0a\x20\x72\x69[driver] Process Ok(SchedYield) resumed (runnable=0, sleeping=0, waiting=0)
[driver] Process 17055 is running
[driver] Process Ok(SchedYield) resumed (runnable=0, sleeping=0, waiting=0)
[driver] Process 17055 is running

thread 'main' (17055) panicked at src/bin/random_test.rs:39:5:
assertion `left == right` failed
  left: 1591007245831318785
 right: 7617441160358249857
[driver] Process Ok(SchedYield) resumed (runnable=0, sleeping=0, waiting=0)
[driver] Process 17055 is running
[driver] Process Ok(SchedYield) resumed (runnable=0, sleeping=0, waiting=0)
[driver] Process 17055 is running
[driver] Process Ok(SchedYield) resumed (runnable=0, sleeping=0, waiting=0)
[driver] Process 17055 is running
[container] Bytes: \x6e\x6f\x74\x65\x3a\x20\x72\x75\x6e\x20\x77\x69\x74\x68\x20\x60\x52\x55\x53\x54\x5f\x42\x41\x43\x4b\x54\x52\x41\x43\x45\x3d\x31\x60\x20\x65\x6e\x76\x69\x72\x6f\x6e\x6d\x65\x6e\x74\x20\x76\x61\x72\x69\x61\x62\x6c\x65\x20\x74\x6f\x20\x64\x69\x73\x70\x6c\x61\x79\x20\x61\x20\x62\x61\x63\x6b\x74\x72\x61\x63\x65\x0a[driver] Process Ok(SchedYield) resumed (runnable=0, sleeping=0, waiting=0)
[driver] Process 17055 is running
note: run with `RUST_BACKTRACE=1` environment variable to display a backtrace
[driver] Process Ok(SchedYield) resumed (runnable=0, sleeping=0, waiting=0)
[driver] Process 17055 is running
[driver] Process Ok(SchedYield) resumed (runnable=0, sleeping=0, waiting=0)
[driver] Process 17055 is running
[driver] Process Ok(SchedYield) resumed (runnable=0, sleeping=0, waiting=0)
[driver] Process 17055 is running
[driver] Process Ok(SchedYield) resumed (runnable=0, sleeping=0, waiting=0)
[driver] Process 17055 is running
[driver] Process Ok(SchedYield) resumed (runnable=0, sleeping=0, waiting=0)
[driver] Process 17055 is running
[driver] Process Ok(SchedYield) resumed (runnable=0, sleeping=0, waiting=0)
[driver] Process 17055 is running
[driver] Process Ok(SchedYield) resumed (runnable=0, sleeping=0, waiting=0)
[driver] Process 17055 is running
[driver] Process Ok(SchedYield) resumed (runnable=0, sleeping=0, waiting=0)
[driver] Process 17055 is running
[driver] Process Ok(SchedYield) resumed (runnable=0, sleeping=0, waiting=0)
[driver] Process 17055 is running
[driver] Process Ok(SchedYield) resumed (runnable=0, sleeping=0, waiting=0)
[driver] Process 17055 is running
[driver] Process Ok(SchedYield) resumed (runnable=0, sleeping=0, waiting=0)
[driver] Process 17055 is running
[driver] Process Ok(SchedYield) resumed (runnable=0, sleeping=0, waiting=0)
[driver] Process 17055 is running
[driver] Process Ok(SchedYield) resumed (runnable=0, sleeping=0, waiting=0)
[driver] Process 17055 is running
[driver] Process Ok(SchedYield) resumed (runnable=0, sleeping=0, waiting=0)
[driver] Process 17055 is running
[driver] Process Ok(SchedYield) resumed (runnable=0, sleeping=0, waiting=0)
[driver] Process 17055 is running
[driver] Process Ok(SchedYield) resumed (runnable=0, sleeping=0, waiting=0)
[driver] Process 17055 is running
[driver] Process Ok(SchedYield) resumed (runnable=0, sleeping=0, waiting=0)
[driver] Process 17055 is running
[driver] Process Ok(SchedYield) resumed (runnable=0, sleeping=0, waiting=0)
[driver] Process 17055 is running
[driver] Process Ok(SchedYield) resumed (runnable=0, sleeping=0, waiting=0)
[driver] Process 17055 is running
[driver] Process Ok(SchedYield) resumed (runnable=0, sleeping=0, waiting=0)
[driver] Process 17055 is running
[driver] Process Ok(SchedYield) resumed (runnable=0, sleeping=0, waiting=0)
[driver] Process 17055 is running
[driver] Process Ok(SchedYield) resumed (runnable=0, sleeping=0, waiting=0)
[driver] Process 17055 is running
[driver] Process Ok(SchedYield) resumed (runnable=0, sleeping=0, waiting=0)
[driver] Process 17055 is running
[driver] Process Ok(SchedYield) resumed (runnable=0, sleeping=0, waiting=0)
[driver] Process 17055 is running
[driver] Process Ok(SchedYield) resumed (runnable=0, sleeping=0, waiting=0)
[driver] Process 17055 is running
[driver] Process Ok(SchedYield) resumed (runnable=0, sleeping=0, waiting=0)
[driver] Process 17055 is running
[driver] Process Ok(SchedYield) resumed (runnable=0, sleeping=0, waiting=0)
[driver] Process 17055 is running
[driver] Process Ok(SchedYield) resumed (runnable=0, sleeping=0, waiting=0)
[driver] Process 17055 is running
[driver] Process Ok(SchedYield) resumed (runnable=0, sleeping=0, waiting=0)
[driver] Process 17055 is running
[driver] Process Ok(Exit(101)) resumed (runnable=0, sleeping=0, waiting=0)
[driver] Process 17055 exited with code 101
